// Vitest Snapshot v1, https://vitest.dev/guide/snapshot.html

exports[`should match story case 1`] = `
<div>
  <!---->
  <a
    class="text base m regular svelte-1otgkfv"
    href="https://opensource.sumup.com/"
  >
    <!---->
    Example Snippet
    <!---->
    <!---->
    
  </a>
  
  
</div>
`;
