// Vitest Snapshot v1, https://vitest.dev/guide/snapshot.html

exports[`should match story case 1`] = `
<div>
  <button
    aria-label="Close"
    class="base focus-visible svelte-18wslo8 tertiary m"
    title="Close"
    type="button"
  >
    <svg
      aria-hidden="true"
      fill="none"
      height="24"
      viewBox="0 0 24 24"
      width="24"
    >
      <path
        d="M17.293 5.293a1 1 0 1 1 1.414 1.414L13.414 12l5.293 5.293a1 1 0 0 1-1.414 1.414L12 13.414l-5.293 5.293a1 1 0 1 1-1.414-1.414L10.586 12 5.293 6.707a1 1 0 1 1 1.414-1.414L12 10.586z"
        fill="currentColor"
      />
    </svg>
    <!---->
  </button>
  
</div>
`;
